
user@DESKTOP-7EQF3M8 MINGW64 ~ (master)
$ cd /d/slavianka

user@DESKTOP-7EQF3M8 MINGW64 /d/slavianka
$ cd test8

user@DESKTOP-7EQF3M8 MINGW64 /d/slavianka/test8 (master)
$ git push group master
To https://github.com/fldljhk/test8
 ! [rejected]        master -> master (fetch first)
error: failed to push some refs to 'https://github.com/fldljhk/test8'
hint: Updates were rejected because the remote contains work that you do
hint: not have locally. This is usually caused by another repository pushing
hint: to the same ref. You may want to first integrate the remote changes
hint: (e.g., 'git pull ...') before pushing again.
hint: See the 'Note about fast-forwards' in 'git push --help' for details.

user@DESKTOP-7EQF3M8 MINGW64 /d/slavianka/test8 (master)
$ git add
Nothing specified, nothing added.
hint: Maybe you wanted to say 'git add .'?
hint: Turn this message off by running
hint: "git config advice.addEmptyPathspec false"

user@DESKTOP-7EQF3M8 MINGW64 /d/slavianka/test8 (master)
$ git add a2.txt

user@DESKTOP-7EQF3M8 MINGW64 /d/slavianka/test8 (master)
$ git push group master
To https://github.com/fldljhk/test8
 ! [rejected]        master -> master (fetch first)
error: failed to push some refs to 'https://github.com/fldljhk/test8'
hint: Updates were rejected because the remote contains work that you do
hint: not have locally. This is usually caused by another repository pushing
hint: to the same ref. You may want to first integrate the remote changes
hint: (e.g., 'git pull ...') before pushing again.
hint: See the 'Note about fast-forwards' in 'git push --help' for details.

user@DESKTOP-7EQF3M8 MINGW64 /d/slavianka/test8 (master)
$ git checkout A-Branch
Switched to branch 'A-Branch'
A       a2.txt
A       a3.txt

user@DESKTOP-7EQF3M8 MINGW64 /d/slavianka/test8 (A-Branch)
$ ls
a1.txt  a2.txt  a3.txt  project.txt

user@DESKTOP-7EQF3M8 MINGW64 /d/slavianka/test8 (A-Branch)
$ git push group A-Branch
Enumerating objects: 5, done.
Counting objects: 100% (5/5), done.
Delta compression using up to 8 threads
Compressing objects: 100% (3/3), done.
Writing objects: 100% (5/5), 440 bytes | 440.00 KiB/s, done.
Total 5 (delta 0), reused 3 (delta 0), pack-reused 0
remote:
remote: Create a pull request for 'A-Branch' on GitHub by visiting:
remote:      https://github.com/fldljhk/test8/pull/new/A-Branch
remote:
To https://github.com/fldljhk/test8
 * [new branch]      A-Branch -> A-Branch

user@DESKTOP-7EQF3M8 MINGW64 /d/slavianka/test8 (A-Branch)
$ git add a1.txt

user@DESKTOP-7EQF3M8 MINGW64 /d/slavianka/test8 (A-Branch)
$ git commit a1.txt
On branch A-Branch
Untracked files:
  (use "git add <file>..." to include in what will be committed)
        a2.txt
        a3.txt

nothing added to commit but untracked files present (use "git add" to track)

user@DESKTOP-7EQF3M8 MINGW64 /d/slavianka/test8 (A-Branch)
$ git push group A-Branch
Everything up-to-date

user@DESKTOP-7EQF3M8 MINGW64 /d/slavianka/test8 (A-Branch)
$ git add a2.txt

user@DESKTOP-7EQF3M8 MINGW64 /d/slavianka/test8 (A-Branch)
$ git commit a2.txt
hint: Waiting for your editor to close the file..[A-Branch be289e5] a2 committed
 1 file changed, 0 insertions(+), 0 deletions(-)
 create mode 100644 a2.txt

user@DESKTOP-7EQF3M8 MINGW64 /d/slavianka/test8 (A-Branch)
$ git push group A-branch
fatal: A-branch cannot be resolved to branch

user@DESKTOP-7EQF3M8 MINGW64 /d/slavianka/test8 (A-Branch)
$ git push group A-Branch
Enumerating objects: 3, done.
Counting objects: 100% (3/3), done.
Delta compression using up to 8 threads
Compressing objects: 100% (2/2), done.
Writing objects: 100% (2/2), 241 bytes | 241.00 KiB/s, done.
Total 2 (delta 0), reused 0 (delta 0), pack-reused 0
To https://github.com/fldljhk/test8
   0a4aae9..be289e5  A-Branch -> A-Branch

user@DESKTOP-7EQF3M8 MINGW64 /d/slavianka/test8 (A-Branch)
$ git add a3.txt

user@DESKTOP-7EQF3M8 MINGW64 /d/slavianka/test8 (A-Branch)
$ git commit a3.txt
hint: Waiting for your editor to close the file..[A-Branch 0974ca6] a3 committed
 1 file changed, 0 insertions(+), 0 deletions(-)
 create mode 100644 a3.txt

user@DESKTOP-7EQF3M8 MINGW64 /d/slavianka/test8 (A-Branch)
$ git push group A-Branch
Enumerating objects: 3, done.
Counting objects: 100% (3/3), done.
Delta compression using up to 8 threads
Compressing objects: 100% (2/2), done.
Writing objects: 100% (2/2), 221 bytes | 221.00 KiB/s, done.
Total 2 (delta 1), reused 0 (delta 0), pack-reused 0
remote: Resolving deltas: 100% (1/1), completed with 1 local object.
To https://github.com/fldljhk/test8
   be289e5..0974ca6  A-Branch -> A-Branch

user@DESKTOP-7EQF3M8 MINGW64 /d/slavianka/test8 (A-Branch)
$ git log
commit 0974ca6a4614757357e4e436cd6fc2790bb79ef3 (HEAD -> A-Branch, group/A-Branch)
Author: slavianka <random@something.else>
Date:   Thu May 12 19:49:32 2022 +0900

    a3 committed

commit be289e5dc42c0ec64a6eaceda43af2c752ddaf12
Author: slavianka <random@something.else>
Date:   Thu May 12 19:48:35 2022 +0900

    a2 committed

commit 0a4aae96bc8a054792ca51378bd87142d8b7ea9a
Author: slavianka <random@something.else>
Date:   Thu May 12 19:26:34 2022 +0900

    a1 committed

commit 06551470e26c086fb4ea18c5b26d7d644e8e700d (origin/master, origin/HEAD, master)
Author: Your Name <you@example.com>
Date:   Thu May 12 19:19:36 2022 +0900

    기본 플젝 생성

user@DESKTOP-7EQF3M8 MINGW64 /d/slavianka/test8 (A-Branch)
$ git checkout master
Switched to branch 'master'
Your branch is up to date with 'origin/master'.

user@DESKTOP-7EQF3M8 MINGW64 /d/slavianka/test8 (master)
$ git merge A-Branch
Updating 0655147..0974ca6
Fast-forward
 a1.txt | 0
 a2.txt | 0
 a3.txt | 0
 3 files changed, 0 insertions(+), 0 deletions(-)
 create mode 100644 a1.txt
 create mode 100644 a2.txt
 create mode 100644 a3.txt

user@DESKTOP-7EQF3M8 MINGW64 /d/slavianka/test8 (master)
$ git push group master
Total 0 (delta 0), reused 0 (delta 0), pack-reused 0
To https://github.com/fldljhk/test8
   0655147..0974ca6  master -> master

user@DESKTOP-7EQF3M8 MINGW64 /d/slavianka/test8 (master)
$ ls
a1.txt  a2.txt  a3.txt  project.txt

user@DESKTOP-7EQF3M8 MINGW64 /d/slavianka/test8 (master)
$ vim project

user@DESKTOP-7EQF3M8 MINGW64 /d/slavianka/test8 (master)
$ git add --all
warning: LF will be replaced by CRLF in project.
The file will have its original line endings in your working directory

user@DESKTOP-7EQF3M8 MINGW64 /d/slavianka/test8 (master)
$ git commit
hint: Waiting for your editor to close the file..[master 0322139] project.txt edited by f8fbearcat
 1 file changed, 1 insertion(+)
 create mode 100644 project

user@DESKTOP-7EQF3M8 MINGW64 /d/slavianka/test8 (master)
$ git push group master
Enumerating objects: 4, done.
Counting objects: 100% (4/4), done.
Delta compression using up to 8 threads
Compressing objects: 100% (2/2), done.
Writing objects: 100% (3/3), 297 bytes | 297.00 KiB/s, done.
Total 3 (delta 1), reused 0 (delta 0), pack-reused 0
remote: Resolving deltas: 100% (1/1), completed with 1 local object.
To https://github.com/fldljhk/test8
   0974ca6..0322139  master -> master

user@DESKTOP-7EQF3M8 MINGW64 /d/slavianka/test8 (master)
$

user@DESKTOP-7EQF3M8 MINGW64 /d/slavianka/test8 (master)
$

user@DESKTOP-7EQF3M8 MINGW64 /d/slavianka/test8 (master)
$

user@DESKTOP-7EQF3M8 MINGW64 /d/slavianka/test8 (master)
$
